=== RUN   TestLogin_Success
--- PASS: TestLogin_Success (0.69s)
=== RUN   TestLogin_InvalidCredentials
--- PASS: TestLogin_InvalidCredentials (0.69s)
=== RUN   TestLogin_UserNotFound
--- PASS: TestLogin_UserNotFound (0.00s)
=== RUN   TestLogin_ShortPassword_Rejected
--- PASS: TestLogin_ShortPassword_Rejected (0.00s)
=== RUN   TestRefresh_Success
--- PASS: TestRefresh_Success (0.69s)
=== RUN   TestRefresh_InvalidToken
--- PASS: TestRefresh_InvalidToken (0.00s)
=== RUN   TestRefresh_ExpiredToken
--- PASS: TestRefresh_ExpiredToken (0.35s)
=== RUN   TestProtectedEndpoint_NoToken
--- PASS: TestProtectedEndpoint_NoToken (0.00s)
=== RUN   TestProtectedEndpoint_ValidToken
--- PASS: TestProtectedEndpoint_ValidToken (0.00s)
=== RUN   TestProtectedEndpoint_ExpiredToken
--- PASS: TestProtectedEndpoint_ExpiredToken (0.00s)
=== RUN   TestRequireRole_WrongRole
--- PASS: TestRequireRole_WrongRole (0.00s)
=== RUN   TestRequireRole_CorrectRole
--- PASS: TestRequireRole_CorrectRole (0.00s)
=== RUN   TestCrearUsuario_Success
--- PASS: TestCrearUsuario_Success (0.35s)
=== RUN   TestListarUsuarios
--- PASS: TestListarUsuarios (0.69s)
=== RUN   TestDesactivarUsuario
--- PASS: TestDesactivarUsuario (0.35s)
=== RUN   TestActualizarUsuario_Nombre
--- PASS: TestActualizarUsuario_Nombre (0.35s)
=== RUN   TestActualizarUsuario_Rol
--- PASS: TestActualizarUsuario_Rol (0.34s)
=== RUN   TestActualizarUsuario_CambiaPassword
--- PASS: TestActualizarUsuario_CambiaPassword (1.39s)
=== RUN   TestActualizarUsuario_NoExiste
--- PASS: TestActualizarUsuario_NoExiste (0.00s)
=== RUN   TestLoginRateLimiter_BlocksAfterFiveAttempts
--- PASS: TestLoginRateLimiter_BlocksAfterFiveAttempts (0.00s)
=== RUN   TestAbrirCaja
--- PASS: TestAbrirCaja (0.01s)
=== RUN   TestAbrirCajaDuplicada
--- PASS: TestAbrirCajaDuplicada (0.00s)
=== RUN   TestMovimientoInmutable
--- PASS: TestMovimientoInmutable (0.00s)
=== RUN   TestDesvioNormal
--- PASS: TestDesvioNormal (0.00s)
=== RUN   TestDesvioAdvertencia
--- PASS: TestDesvioAdvertencia (0.00s)
=== RUN   TestDesvioCritico
--- PASS: TestDesvioCritico (0.00s)
=== RUN   TestArqueoCiego
--- PASS: TestArqueoCiego (0.00s)
=== RUN   TestObtenerReporte
--- PASS: TestObtenerReporte (0.00s)
=== RUN   TestEgresoManual_MontoNegativo
--- PASS: TestEgresoManual_MontoNegativo (0.00s)
=== RUN   TestCrearProducto
--- PASS: TestCrearProducto (0.00s)
=== RUN   TestBusquedaPorBarcode
--- PASS: TestBusquedaPorBarcode (0.00s)
=== RUN   TestBusquedaPorBarcodeNoExiste
--- PASS: TestBusquedaPorBarcodeNoExiste (0.00s)
=== RUN   TestSoftDeleteProducto
--- PASS: TestSoftDeleteProducto (0.00s)
=== RUN   TestActualizarPrecioInvalidaCache
--- PASS: TestActualizarPrecioInvalidaCache (0.00s)
=== RUN   TestCrearVinculo
--- PASS: TestCrearVinculo (0.00s)
=== RUN   TestCrearVinculoMismoPadreHijo
--- PASS: TestCrearVinculoMismoPadreHijo (0.00s)
=== RUN   TestObtenerAlertasStock
--- PASS: TestObtenerAlertasStock (0.00s)
=== RUN   TestListarVinculos
--- PASS: TestListarVinculos (0.00s)
=== RUN   TestDesarmePadreInsuficiente
--- PASS: TestDesarmePadreInsuficiente (0.00s)
=== RUN   TestDesarmeAutomatico
--- PASS: TestDesarmeAutomatico (0.00s)
=== RUN   TestRegistrarVenta_SinCajaAbierta
--- PASS: TestRegistrarVenta_SinCajaAbierta (0.00s)
=== RUN   TestRegistrarVenta_PagoInsuficiente
--- PASS: TestRegistrarVenta_PagoInsuficiente (0.00s)
=== RUN   TestRegistrarVenta_StockInsuficiente
--- PASS: TestRegistrarVenta_StockInsuficiente (0.00s)
=== RUN   TestRegistrarVenta_PagoMixto
--- PASS: TestRegistrarVenta_PagoMixto (0.00s)
=== RUN   TestRegistrarVenta_Vuelto
--- PASS: TestRegistrarVenta_Vuelto (0.00s)
=== RUN   TestAnularVenta_RestaurarStock
--- PASS: TestAnularVenta_RestaurarStock (0.00s)
=== RUN   TestRegistrarVenta_ConDesarme
--- PASS: TestRegistrarVenta_ConDesarme (0.00s)
=== RUN   TestRegistrarVenta_Idempotente_OfflineID
--- PASS: TestRegistrarVenta_Idempotente_OfflineID (0.00s)
PASS
